10-16 22:03:31.330  1606  1609 I XR: [CAMERA] CameraMgr.cpp:391 handleMessage() XR_CamMgr client 60.1 CMD_GET_GRAPHIC_BUFFER(fish-eye-mid, 0, 10)
10-16 22:03:31.330  1606  1609 I XR: [CAMERA] CameraMgr.cpp:396 handleMessage() XR_CamMgr CMD_GET_GRAPHIC_BUFFER(fish-eye-mid, 0, 10) OK: w=1280 h=1024
10-16 22:03:31.330  1606  1609 D XR: [SOCKET] ConnectionServer.cpp:256 sendResponse() XR_ConServer GraphicBuffer Information: width=1280 height=1024
10-16 22:03:31.330  1606  1610 D XR: [SOCKET] ConnectionServer.cpp:295 receiveMessage() XR_ConServer socketfd(60): event(0x1)
10-16 22:03:31.330  1606  1610 I XR: [SOCKET] ConnectionServer.cpp:370 queueSyncMessage() XR_ConServer Server receive client(60.1) command(0x40000505) message
10-16 22:03:31.330  1606  1609 I XR: [SOCKET] MessageSyncHandler.cpp:51 handleMessage() XR_MessageSyncHandler Server handle message(0x40000505) from client(60.1)
10-16 22:03:31.330  1606  1609 I XR: [CAMERA] CameraMgr.cpp:391 handleMessage() XR_CamMgr client 60.1 CMD_GET_GRAPHIC_BUFFER(fish-eye-mid, 0, 11)
10-16 22:03:31.330  1606  1609 I XR: [CAMERA] CameraMgr.cpp:396 handleMessage() XR_CamMgr CMD_GET_GRAPHIC_BUFFER(fish-eye-mid, 0, 11) OK: w=1280 h=1024
10-16 22:03:31.330  1606  1609 D XR: [SOCKET] ConnectionServer.cpp:256 sendResponse() XR_ConServer GraphicBuffer Information: width=1280 height=1024
10-16 22:03:31.331  1606  1610 D XR: [SOCKET] ConnectionServer.cpp:295 receiveMessage() XR_ConServer socketfd(60): event(0x1)
10-16 22:03:31.331  1606  1610 I XR: [SOCKET] ConnectionServer.cpp:370 queueSyncMessage() XR_ConServer Server receive client(60.1) command(0x40000505) message
10-16 22:03:31.331  1606  1609 I XR: [SOCKET] MessageSyncHandler.cpp:51 handleMessage() XR_MessageSyncHandler Server handle message(0x40000505) from client(60.1)
10-16 22:03:31.331  1606  1609 I XR: [CAMERA] CameraMgr.cpp:391 handleMessage() XR_CamMgr client 60.1 CMD_GET_GRAPHIC_BUFFER(fish-eye-mid, 0, 12)
10-16 22:03:31.331  1606  1609 I XR: [CAMERA] CameraMgr.cpp:396 handleMessage() XR_CamMgr CMD_GET_GRAPHIC_BUFFER(fish-eye-mid, 0, 12) OK: w=1280 h=1024
10-16 22:03:31.331  1606  1609 D XR: [SOCKET] ConnectionServer.cpp:256 sendResponse() XR_ConServer GraphicBuffer Information: width=1280 height=1024
10-16 22:03:31.331  1606  1610 D XR: [SOCKET] ConnectionServer.cpp:295 receiveMessage() XR_ConServer socketfd(60): event(0x1)
10-16 22:03:31.332  1606  1610 I XR: [SOCKET] ConnectionServer.cpp:370 queueSyncMessage() XR_ConServer Server receive client(60.1) command(0x40000505) message
10-16 22:03:31.332  1606  1609 I XR: [SOCKET] MessageSyncHandler.cpp:51 handleMessage() XR_MessageSyncHandler Server handle message(0x40000505) from client(60.1)
10-16 22:03:31.332  1606  1609 I XR: [CAMERA] CameraMgr.cpp:391 handleMessage() XR_CamMgr client 60.1 CMD_GET_GRAPHIC_BUFFER(fish-eye-mid, 0, 13)
10-16 22:03:31.332  1606  1609 I XR: [CAMERA] CameraMgr.cpp:396 handleMessage() XR_CamMgr CMD_GET_GRAPHIC_BUFFER(fish-eye-mid, 0, 13) OK: w=1280 h=1024
10-16 22:03:31.332  1606  1609 D XR: [SOCKET] ConnectionServer.cpp:256 sendResponse() XR_ConServer GraphicBuffer Information: width=1280 height=1024
10-16 22:03:31.332  1606  1610 D XR: [SOCKET] ConnectionServer.cpp:295 receiveMessage() XR_ConServer socketfd(60): event(0x1)
10-16 22:03:31.332  1606  1610 I XR: [SOCKET] ConnectionServer.cpp:370 queueSyncMessage() XR_ConServer Server receive client(60.1) command(0x40000505) message
10-16 22:03:31.332  1606  1609 I XR: [SOCKET] MessageSyncHandler.cpp:51 handleMessage() XR_MessageSyncHandler Server handle message(0x40000505) from client(60.1)
10-16 22:03:31.333  1606  1609 I XR: [CAMERA] CameraMgr.cpp:391 handleMessage() XR_CamMgr client 60.1 CMD_GET_GRAPHIC_BUFFER(fish-eye-mid, 0, 14)
10-16 22:03:31.333  1606  1609 I XR: [CAMERA] CameraMgr.cpp:396 handleMessage() XR_CamMgr CMD_GET_GRAPHIC_BUFFER(fish-eye-mid, 0, 14) OK: w=1280 h=1024
10-16 22:03:31.333  1606  1609 D XR: [SOCKET] ConnectionServer.cpp:256 sendResponse() XR_ConServer GraphicBuffer Information: width=1280 height=1024
10-16 22:03:31.333  1606  1610 D XR: [SOCKET] ConnectionServer.cpp:295 receiveMessage() XR_ConServer socketfd(60): event(0x1)
10-16 22:03:31.333  1606  1610 I XR: [SOCKET] ConnectionServer.cpp:370 queueSyncMessage() XR_ConServer Server receive client(60.1) command(0x40000505) message
10-16 22:03:31.333  1606  1609 I XR: [SOCKET] MessageSyncHandler.cpp:51 handleMessage() XR_MessageSyncHandler Server handle message(0x40000505) from client(60.1)
10-16 22:03:31.333  1606  1609 I XR: [CAMERA] CameraMgr.cpp:391 handleMessage() XR_CamMgr client 60.1 CMD_GET_GRAPHIC_BUFFER(fish-eye-mid, 0, 15)
10-16 22:03:31.333  1606  1609 I XR: [CAMERA] CameraMgr.cpp:396 handleMessage() XR_CamMgr CMD_GET_GRAPHIC_BUFFER(fish-eye-mid, 0, 15) OK: w=1280 h=1024
10-16 22:03:31.333  1606  1609 D XR: [SOCKET] ConnectionServer.cpp:256 sendResponse() XR_ConServer GraphicBuffer Information: width=1280 height=1024
10-16 22:03:31.333  1606  1610 D XR: [SOCKET] ConnectionServer.cpp:295 receiveMessage() XR_ConServer socketfd(60): event(0x1)
10-16 22:03:31.334  1606  1610 I XR: [SOCKET] ConnectionServer.cpp:370 queueSyncMessage() XR_ConServer Server receive client(60.1) command(0x40000530) message
10-16 22:03:31.334  1606  1609 I XR: [SOCKET] MessageSyncHandler.cpp:51 handleMessage() XR_MessageSyncHandler Server handle message(0x40000530) from client(60.1)
10-16 22:03:31.334  1606  1609 D XR: [SHARED_MEMORY] SharedMemoryMgr.cpp:289 registerConsumer() XR_ShmMgr registerConsumer: Client 60.1 Shm 222 Consumer 0 registered
10-16 22:03:31.334  1606  1610 D XR: [SOCKET] ConnectionServer.cpp:295 receiveMessage() XR_ConServer socketfd(60): event(0x1)
10-16 22:03:31.334  1606  1610 I XR: [SOCKET] ConnectionServer.cpp:370 queueSyncMessage() XR_ConServer Server receive client(60.1) command(0x40000501) message
10-16 22:03:31.334  1606  1609 I XR: [SOCKET] MessageSyncHandler.cpp:51 handleMessage() XR_MessageSyncHandler Server handle message(0x40000501) from client(60.1)
10-16 22:03:31.334  1606  1609 I XR: [CAMERA] CameraMgr.cpp:335 handleMessage() XR_CamMgr client 60.1 CMD_SET_CAMERA_OPEN(fish-eye-leftdown)
10-16 22:03:31.334  1606  1609 I XR: [CAMERA] CameraDevice.cpp:1089 openCamera() XR_CamDev 1 openCamera: enter
10-16 22:03:31.334  1606  1609 I XR: [CAMERA] CameraDevice.cpp:1108 doOpenCamera() XR_CamDev 1 doOpenCamera
10-16 22:03:31.337  1606  1609 E XR: [CAMERA] DirectHal3Ctrl.cpp:381 initCaptureRequestSettings() XR_DirectHal3Ctrl 1 initCaptureRequestSettings: failed to update vtag exposure_metering_mode
10-16 22:03:31.337  1606  1609 D XR: [CAMERA] DirectHal3Ctrl.cpp:393 initCaptureRequestSettings() XR_DirectHal3Ctrl 1 initCaptureRequestSettings: strobeOff 1 RampTimeNs 0 WidthNs 0 Brightness 0
10-16 22:03:31.337  1606  1609 D XR: [CAMERA] DirectHal3Ctrl.cpp:403 initCaptureRequestSettings() XR_DirectHal3Ctrl 1 initCaptureRequestSettings: strobe ManualFlag 1 CurrentmA 0
10-16 22:03:31.396  1606  1637 D XR: [CAMERA] DirectHal3Ctrl.cpp:624 processCaptureResult() XR_DirectHal3Ctrl 0 received F1 metadata
10-16 22:03:31.397  1606  1637 D XR: [CAMERA] DirectHal3Ctrl.cpp:697 processCaptureResult() XR_DirectHal3Ctrl 0 received F1 buffer of S0
10-16 22:03:31.397  1606  1637 D XR: [CAMERA] CameraDevice.cpp:494 oneFrameCaptured() XR_CamDev 0 AF1: qts(4914605168645) ects(4914603212145) exposure(3900000) gain(113) ts(4900642479535) now(4900651726671) diff(9247136)
10-16 22:03:31.411  1606  1609 I XR: [CAMERA] DirectHal3Ctrl.cpp:296 initStreamBuffers() XR_DirectHal3Ctrl 1 Allocate GraphicBuffer with usage 0x20022
10-16 22:03:31.412  1606  1609 I XR: [CAMERA] DirectHal3Ctrl.cpp:296 initStreamBuffers() XR_DirectHal3Ctrl 1 Allocate GraphicBuffer with usage 0x20022
10-16 22:03:31.412  1606  1609 I XR: [CAMERA] DirectHal3Ctrl.cpp:296 initStreamBuffers() XR_DirectHal3Ctrl 1 Allocate GraphicBuffer with usage 0x20022
10-16 22:03:31.413  1606  1609 I XR: [CAMERA] DirectHal3Ctrl.cpp:296 initStreamBuffers() XR_DirectHal3Ctrl 1 Allocate GraphicBuffer with usage 0x20022
10-16 22:03:31.413  1606  1609 I XR: [CAMERA] DirectHal3Ctrl.cpp:296 initStreamBuffers() XR_DirectHal3Ctrl 1 Allocate GraphicBuffer with usage 0x20022
10-16 22:03:31.414  1606  1609 I XR: [CAMERA] DirectHal3Ctrl.cpp:296 initStreamBuffers() XR_DirectHal3Ctrl 1 Allocate GraphicBuffer with usage 0x20022
10-16 22:03:31.414  1606  1609 I XR: [CAMERA] DirectHal3Ctrl.cpp:296 initStreamBuffers() XR_DirectHal3Ctrl 1 Allocate GraphicBuffer with usage 0x20022
10-16 22:03:31.415  1606  1609 I XR: [CAMERA] DirectHal3Ctrl.cpp:296 initStreamBuffers() XR_DirectHal3Ctrl 1 Allocate GraphicBuffer with usage 0x20022
10-16 22:03:31.415  1606  1609 I XR: [CAMERA] DirectHal3Ctrl.cpp:296 initStreamBuffers() XR_DirectHal3Ctrl 1 Allocate GraphicBuffer with usage 0x20022
10-16 22:03:31.416  1606  1609 I XR: [CAMERA] DirectHal3Ctrl.cpp:296 initStreamBuffers() XR_DirectHal3Ctrl 1 Allocate GraphicBuffer with usage 0x20022
10-16 22:03:31.416  1606  1609 I XR: [CAMERA] DirectHal3Ctrl.cpp:296 initStreamBuffers() XR_DirectHal3Ctrl 1 Allocate GraphicBuffer with usage 0x20022
10-16 22:03:31.417  1606  1609 I XR: [CAMERA] DirectHal3Ctrl.cpp:296 initStreamBuffers() XR_DirectHal3Ctrl 1 Allocate GraphicBuffer with usage 0x20022
10-16 22:03:31.417  1606  1609 I XR: [CAMERA] DirectHal3Ctrl.cpp:296 initStreamBuffers() XR_DirectHal3Ctrl 1 Allocate GraphicBuffer with usage 0x20022
10-16 22:03:31.418  1606  1609 I XR: [CAMERA] DirectHal3Ctrl.cpp:296 initStreamBuffers() XR_DirectHal3Ctrl 1 Allocate GraphicBuffer with usage 0x20022
10-16 22:03:31.418  1606  1609 I XR: [CAMERA] DirectHal3Ctrl.cpp:296 initStreamBuffers() XR_DirectHal3Ctrl 1 Allocate GraphicBuffer with usage 0x20022
10-16 22:03:31.418  1606  1609 I XR: [CAMERA] DirectHal3Ctrl.cpp:296 initStreamBuffers() XR_DirectHal3Ctrl 1 Allocate GraphicBuffer with usage 0x20022
10-16 22:03:31.419  1606  1609 D XR: [CAMERA] CameraDevice.cpp:1242 doOpenCamera() XR_CamDev 1 doOpenCamera: start capture request thread, inflight requests 6
10-16 22:03:31.419  1606  1609 I XR: [DEVICE_MANAGEMENT] DeviceManagement.cpp:243 incDeviceRefCount() XR_DM incDeviceRefCount: "fish-eye-leftdown" refCount(1)
10-16 22:03:31.419  1606  1609 I XR: [CAMERA] CameraDevice.cpp:1096 openCamera() XR_CamDev 1 openCamera: exit
10-16 22:03:31.419  1606  1609 I XR: [CAMERA] CameraMgr.cpp:339 handleMessage() XR_CamMgr CMD_SET_CAMERA_OPEN(fish-eye-leftdown) OK
10-16 22:03:31.419  1606  1819 D XR: [CAMERA] CameraDevice.cpp:289 sendCaptureRequests() XR_CamDev 1 F1 update frameDuration(33333333)
10-16 22:03:31.419  1606  1610 D XR: [SOCKET] ConnectionServer.cpp:295 receiveMessage() XR_ConServer socketfd(60): event(0x1)
10-16 22:03:31.419  1606  1610 I XR: [SOCKET] ConnectionServer.cpp:370 queueSyncMessage() XR_ConServer Server receive client(60.1) command(0x40000506) message
10-16 22:03:31.419  1606  1609 I XR: [SOCKET] MessageSyncHandler.cpp:51 handleMessage() XR_MessageSyncHandler Server handle message(0x40000506) from client(60.1)
10-16 22:03:31.420  1606  1610 D XR: [SOCKET] ConnectionServer.cpp:295 receiveMessage() XR_ConServer socketfd(60): event(0x1)
10-16 22:03:31.420  1606  1610 I XR: [SOCKET] ConnectionServer.cpp:370 queueSyncMessage() XR_ConServer Server receive client(60.1) command(0x40000508) message
10-16 22:03:31.420  1606  1609 I XR: [SOCKET] MessageSyncHandler.cpp:51 handleMessage() XR_MessageSyncHandler Server handle message(0x40000508) from client(60.1)
10-16 22:03:31.420  1606  1609 I XR: [SHARED_MEMORY] FutexMgr.cpp:260 handleMessage() XR_FutexMgr handleMessage: Message 0x40000508
10-16 22:03:31.421  1606  1610 D XR: [SOCKET] ConnectionServer.cpp:295 receiveMessage() XR_ConServer socketfd(60): event(0x1)
10-16 22:03:31.421  1606  1610 I XR: [SOCKET] ConnectionServer.cpp:370 queueSyncMessage() XR_ConServer Server receive client(60.1) command(0x40000505) message
10-16 22:03:31.421  1606  1609 I XR: [SOCKET] MessageSyncHandler.cpp:51 handleMessage() XR_MessageSyncHandler Server handle message(0x40000505) from client(60.1)
10-16 22:03:31.421  1606  1609 I XR: [CAMERA] CameraMgr.cpp:391 handleMessage() XR_CamMgr client 60.1 CMD_GET_GRAPHIC_BUFFER(fish-eye-leftdown, 0, 0)
10-16 22:03:31.421  1606  1609 I XR: [CAMERA] CameraMgr.cpp:396 handleMessage() XR_CamMgr CMD_GET_GRAPHIC_BUFFER(fish-eye-leftdown, 0, 0) OK: w=640 h=480
10-16 22:03:31.421  1606  1609 D XR: [SOCKET] ConnectionServer.cpp:256 sendResponse() XR_ConServer GraphicBuffer Information: width=640 height=480
10-16 22:03:31.422  1606  1610 D XR: [SOCKET] ConnectionServer.cpp:295 receiveMessage() XR_ConServer socketfd(60): event(0x1)
10-16 22:03:31.422  1606  1610 I XR: [SOCKET] ConnectionServer.cpp:370 queueSyncMessage() XR_ConServer Server receive client(60.1) command(0x40000505) message
10-16 22:03:31.422  1606  1609 I XR: [SOCKET] MessageSyncHandler.cpp:51 handleMessage() XR_MessageSyncHandler Server handle message(0x40000505) from client(60.1)
10-16 22:03:31.422  1606  1609 I XR: [CAMERA] CameraMgr.cpp:391 handleMessage() XR_CamMgr client 60.1 CMD_GET_GRAPHIC_BUFFER(fish-eye-leftdown, 0, 1)
10-16 22:03:31.422  1606  1609 I XR: [CAMERA] CameraMgr.cpp:396 handleMessage() XR_CamMgr CMD_GET_GRAPHIC_BUFFER(fish-eye-leftdown, 0, 1) OK: w=640 h=480
10-16 22:03:31.422  1606  1609 D XR: [SOCKET] ConnectionServer.cpp:256 sendResponse() XR_ConServer GraphicBuffer Information: width=640 height=480
10-16 22:03:31.422  1606  1610 D XR: [SOCKET] ConnectionServer.cpp:295 receiveMessage() XR_ConServer socketfd(60): event(0x1)
10-16 22:03:31.422  1606  1610 I XR: [SOCKET] ConnectionServer.cpp:370 queueSyncMessage() XR_ConServer Server receive client(60.1) command(0x40000505) message
10-16 22:03:31.422  1606  1609 I XR: [SOCKET] MessageSyncHandler.cpp:51 handleMessage() XR_MessageSyncHandler Server handle message(0x40000505) from client(60.1)
10-16 22:03:31.422  1606  1609 I XR: [CAMERA] CameraMgr.cpp:391 handleMessage() XR_CamMgr client 60.1 CMD_GET_GRAPHIC_BUFFER(fish-eye-leftdown, 0, 2)
10-16 22:03:31.422  1606  1609 I XR: [CAMERA] CameraMgr.cpp:396 handleMessage() XR_CamMgr CMD_GET_GRAPHIC_BUFFER(fish-eye-leftdown, 0, 2) OK: w=640 h=480
10-16 22:03:31.422  1606  1609 D XR: [SOCKET] ConnectionServer.cpp:256 sendResponse() XR_ConServer GraphicBuffer Information: width=640 height=480
10-16 22:03:31.423  1606  1610 D XR: [SOCKET] ConnectionServer.cpp:295 receiveMessage() XR_ConServer socketfd(60): event(0x1)
10-16 22:03:31.423  1606  1610 I XR: [SOCKET] ConnectionServer.cpp:370 queueSyncMessage() XR_ConServer Server receive client(60.1) command(0x40000505) message
10-16 22:03:31.424  1606  1609 I XR: [SOCKET] MessageSyncHandler.cpp:51 handleMessage() XR_MessageSyncHandler Server handle message(0x40000505) from client(60.1)
10-16 22:03:31.424  1606  1609 I XR: [CAMERA] CameraMgr.cpp:391 handleMessage() XR_CamMgr client 60.1 CMD_GET_GRAPHIC_BUFFER(fish-eye-leftdown, 0, 3)
10-16 22:03:31.424  1606  1609 I XR: [CAMERA] CameraMgr.cpp:396 handleMessage() XR_CamMgr CMD_GET_GRAPHIC_BUFFER(fish-eye-leftdown, 0, 3) OK: w=640 h=480
10-16 22:03:31.424  1606  1609 D XR: [SOCKET] ConnectionServer.cpp:256 sendResponse() XR_ConServer GraphicBuffer Information: width=640 height=480
10-16 22:03:31.424  1606  1610 D XR: [SOCKET] ConnectionServer.cpp:295 receiveMessage() XR_ConServer socketfd(60): event(0x1)
10-16 22:03:31.424  1606  1610 I XR: [SOCKET] ConnectionServer.cpp:370 queueSyncMessage() XR_ConServer Server receive client(60.1) command(0x40000505) message
10-16 22:03:31.424  1606  1609 I XR: [SOCKET] MessageSyncHandler.cpp:51 handleMessage() XR_MessageSyncHandler Server handle message(0x40000505) from client(60.1)
10-16 22:03:31.424  1606  1609 I XR: [CAMERA] CameraMgr.cpp:391 handleMessage() XR_CamMgr client 60.1 CMD_GET_GRAPHIC_BUFFER(fish-eye-leftdown, 0, 4)
10-16 22:03:31.424  1606  1609 I XR: [CAMERA] CameraMgr.cpp:396 handleMessage() XR_CamMgr CMD_GET_GRAPHIC_BUFFER(fish-eye-leftdown, 0, 4) OK: w=640 h=480
10-16 22:03:31.424  1606  1609 D XR: [SOCKET] ConnectionServer.cpp:256 sendResponse() XR_ConServer GraphicBuffer Information: width=640 height=480
10-16 22:03:31.425  1606  1610 D XR: [SOCKET] ConnectionServer.cpp:295 receiveMessage() XR_ConServer socketfd(60): event(0x1)
10-16 22:03:31.425  1606  1610 I XR: [SOCKET] ConnectionServer.cpp:370 queueSyncMessage() XR_ConServer Server receive client(60.1) command(0x40000505) message
10-16 22:03:31.426  1606  1609 I XR: [SOCKET] MessageSyncHandler.cpp:51 handleMessage() XR_MessageSyncHandler Server handle message(0x40000505) from client(60.1)
10-16 22:03:31.426  1606  1609 I XR: [CAMERA] CameraMgr.cpp:391 handleMessage() XR_CamMgr client 60.1 CMD_GET_GRAPHIC_BUFFER(fish-eye-leftdown, 0, 5)
10-16 22:03:31.426  1606  1609 I XR: [CAMERA] CameraMgr.cpp:396 handleMessage() XR_CamMgr CMD_GET_GRAPHIC_BUFFER(fish-eye-leftdown, 0, 5) OK: w=640 h=480
10-16 22:03:31.426  1606  1609 D XR: [SOCKET] ConnectionServer.cpp:256 sendResponse() XR_ConServer GraphicBuffer Information: width=640 height=480
10-16 22:03:31.426  1606  1610 D XR: [SOCKET] ConnectionServer.cpp:295 receiveMessage() XR_ConServer socketfd(60): event(0x1)
10-16 22:03:31.427  1606  1610 I XR: [SOCKET] ConnectionServer.cpp:370 queueSyncMessage() XR_ConServer Server receive client(60.1) command(0x40000505) message
10-16 22:03:31.427  1606  1609 I XR: [SOCKET] MessageSyncHandler.cpp:51 handleMessage() XR_MessageSyncHandler Server handle message(0x40000505) from client(60.1)
10-16 22:03:31.427  1606  1609 I XR: [CAMERA] CameraMgr.cpp:391 handleMessage() XR_CamMgr client 60.1 CMD_GET_GRAPHIC_BUFFER(fish-eye-leftdown, 0, 6)
10-16 22:03:31.427  1606  1609 I XR: [CAMERA] CameraMgr.cpp:396 handleMessage() XR_CamMgr CMD_GET_GRAPHIC_BUFFER(fish-eye-leftdown, 0, 6) OK: w=640 h=480
10-16 22:03:31.427  1606  1609 D XR: [SOCKET] ConnectionServer.cpp:256 sendResponse() XR_ConServer GraphicBuffer Information: width=640 height=480
10-16 22:03:31.427  1606  1610 D XR: [SOCKET] ConnectionServer.cpp:295 receiveMessage() XR_ConServer socketfd(60): event(0x1)
10-16 22:03:31.427  1606  1610 I XR: [SOCKET] ConnectionServer.cpp:370 queueSyncMessage() XR_ConServer Server receive client(60.1) command(0x40000505) message
10-16 22:03:31.427  1606  1609 I XR: [SOCKET] MessageSyncHandler.cpp:51 handleMessage() XR_MessageSyncHandler Server handle message(0x40000505) from client(60.1)
10-16 22:03:31.427  1606  1609 I XR: [CAMERA] CameraMgr.cpp:391 handleMessage() XR_CamMgr client 60.1 CMD_GET_GRAPHIC_BUFFER(fish-eye-leftdown, 0, 7)
10-16 22:03:31.427  1606  1609 I XR: [CAMERA] CameraMgr.cpp:396 handleMessage() XR_CamMgr CMD_GET_GRAPHIC_BUFFER(fish-eye-leftdown, 0, 7) OK: w=640 h=480
10-16 22:03:31.427  1606  1609 D XR: [SOCKET] ConnectionServer.cpp:256 sendResponse() XR_ConServer GraphicBuffer Information: width=640 height=480
10-16 22:03:31.428  1606  1610 D XR: [SOCKET] ConnectionServer.cpp:295 receiveMessage() XR_ConServer socketfd(60): event(0x1)
10-16 22:03:31.428  1606  1610 I XR: [SOCKET] ConnectionServer.cpp:370 queueSyncMessage() XR_ConServer Server receive client(60.1) command(0x40000505) message
10-16 22:03:31.428  1606  1609 I XR: [SOCKET] MessageSyncHandler.cpp:51 handleMessage() XR_MessageSyncHandler Server handle message(0x40000505) from client(60.1)
10-16 22:03:31.428  1606  1609 I XR: [CAMERA] CameraMgr.cpp:391 handleMessage() XR_CamMgr client 60.1 CMD_GET_GRAPHIC_BUFFER(fish-eye-leftdown, 0, 8)
10-16 22:03:31.428  1606  1609 I XR: [CAMERA] CameraMgr.cpp:396 handleMessage() XR_CamMgr CMD_GET_GRAPHIC_BUFFER(fish-eye-leftdown, 0, 8) OK: w=640 h=480
10-16 22:03:31.428  1606  1609 D XR: [SOCKET] ConnectionServer.cpp:256 sendResponse() XR_ConServer GraphicBuffer Information: width=640 height=480
10-16 22:03:31.428  1606  1610 D XR: [SOCKET] ConnectionServer.cpp:295 receiveMessage() XR_ConServer socketfd(60): event(0x1)
10-16 22:03:31.429  1606  1610 I XR: [SOCKET] ConnectionServer.cpp:370 queueSyncMessage() XR_ConServer Server receive client(60.1) command(0x40000505) message
10-16 22:03:31.429  1606  1637 D XR: [CAMERA] DirectHal3Ctrl.cpp:624 processCaptureResult() XR_DirectHal3Ctrl 0 received F2 metadata
10-16 22:03:31.429  1606  1637 D XR: [CAMERA] DirectHal3Ctrl.cpp:697 processCaptureResult() XR_DirectHal3Ctrl 0 received F2 buffer of S0
10-16 22:03:31.429  1606  1637 D XR: [CAMERA] CameraDevice.cpp:494 oneFrameCaptured() XR_CamDev 0 BF2: qts(4914638546927) ects(4914638396927) exposure(300000) gain(52) ts(4900675857817) now(4900683891150) diff(8033333)
10-16 22:03:31.430  1606  1609 I XR: [SOCKET] MessageSyncHandler.cpp:51 handleMessage() XR_MessageSyncHandler Server handle message(0x40000505) from client(60.1)
10-16 22:03:31.430  1606  1609 I XR: [CAMERA] CameraMgr.cpp:391 handleMessage() XR_CamMgr client 60.1 CMD_GET_GRAPHIC_BUFFER(fish-eye-leftdown, 0, 9)
10-16 22:03:31.430  1606  1609 I XR: [CAMERA] CameraMgr.cpp:396 handleMessage() XR_CamMgr CMD_GET_GRAPHIC_BUFFER(fish-eye-leftdown, 0, 9) OK: w=640 h=480
10-16 22:03:31.430  1606  1609 D XR: [SOCKET] ConnectionServer.cpp:256 sendResponse() XR_ConServer GraphicBuffer Information: width=640 height=480
10-16 22:03:31.431  1606  1610 D XR: [SOCKET] ConnectionServer.cpp:295 receiveMessage() XR_ConServer socketfd(60): event(0x1)
10-16 22:03:31.431  1606  1610 I XR: [SOCKET] ConnectionServer.cpp:370 queueSyncMessage() XR_ConServer Server receive client(60.1) command(0x40000505) message
10-16 22:03:31.434  1606  1609 I XR: [SOCKET] MessageSyncHandler.cpp:51 handleMessage() XR_MessageSyncHandler Server handle message(0x40000505) from client(60.1)
10-16 22:03:31.434  1606  1609 I XR: [CAMERA] CameraMgr.cpp:391 handleMessage() XR_CamMgr client 60.1 CMD_GET_GRAPHIC_BUFFER(fish-eye-leftdown, 0, 10)
10-16 22:03:31.434  1606  1609 I XR: [CAMERA] CameraMgr.cpp:396 handleMessage() XR_CamMgr CMD_GET_GRAPHIC_BUFFER(fish-eye-leftdown, 0, 10) OK: w=640 h=480
10-16 22:03:31.434  1606  1609 D XR: [SOCKET] ConnectionServer.cpp:256 sendResponse() XR_ConServer GraphicBuffer Information: width=640 height=480
10-16 22:03:31.434  1606  1610 D XR: [SOCKET] ConnectionServer.cpp:295 receiveMessage() XR_ConServer socketfd(60): event(0x1)
10-16 22:03:31.434  1606  1610 I XR: [SOCKET] ConnectionServer.cpp:370 queueSyncMessage() XR_ConServer Server receive client(60.1) command(0x40000505) message
10-16 22:03:31.434  1606  1609 I XR: [SOCKET] MessageSyncHandler.cpp:51 handleMessage() XR_MessageSyncHandler Server handle message(0x40000505) from client(60.1)
10-16 22:03:31.434  1606  1609 I XR: [CAMERA] CameraMgr.cpp:391 handleMessage() XR_CamMgr client 60.1 CMD_GET_GRAPHIC_BUFFER(fish-eye-leftdown, 0, 11)
10-16 22:03:31.434  1606  1609 I XR: [CAMERA] CameraMgr.cpp:396 handleMessage() XR_CamMgr CMD_GET_GRAPHIC_BUFFER(fish-eye-leftdown, 0, 11) OK: w=640 h=480
10-16 22:03:31.434  1606  1609 D XR: [SOCKET] ConnectionServer.cpp:256 sendResponse() XR_ConServer GraphicBuffer Information: width=640 height=480
10-16 22:03:31.434  1606  1610 D XR: [SOCKET] ConnectionServer.cpp:295 receiveMessage() XR_ConServer socketfd(60): event(0x1)
10-16 22:03:31.434  1606  1610 I XR: [SOCKET] ConnectionServer.cpp:370 queueSyncMessage() XR_ConServer Server receive client(60.1) command(0x40000505) message
10-16 22:03:31.435  1606  1609 I XR: [SOCKET] MessageSyncHandler.cpp:51 handleMessage() XR_MessageSyncHandler Server handle message(0x40000505) from client(60.1)
10-16 22:03:31.435  1606  1609 I XR: [CAMERA] CameraMgr.cpp:391 handleMessage() XR_CamMgr client 60.1 CMD_GET_GRAPHIC_BUFFER(fish-eye-leftdown, 0, 12)
10-16 22:03:31.435  1606  1609 I XR: [CAMERA] CameraMgr.cpp:396 handleMessage() XR_CamMgr CMD_GET_GRAPHIC_BUFFER(fish-eye-leftdown, 0, 12) OK: w=640 h=480
10-16 22:03:31.435  1606  1609 D XR: [SOCKET] ConnectionServer.cpp:256 sendResponse() XR_ConServer GraphicBuffer Information: width=640 height=480
10-16 22:03:31.435  1606  1610 D XR: [SOCKET] ConnectionServer.cpp:295 receiveMessage() XR_ConServer socketfd(60): event(0x1)
10-16 22:03:31.435  1606  1610 I XR: [SOCKET] ConnectionServer.cpp:370 queueSyncMessage() XR_ConServer Server receive client(60.1) command(0x40000505) message
10-16 22:03:31.435  1606  1609 I XR: [SOCKET] MessageSyncHandler.cpp:51 handleMessage() XR_MessageSyncHandler Server handle message(0x40000505) from client(60.1)
10-16 22:03:31.435  1606  1609 I XR: [CAMERA] CameraMgr.cpp:391 handleMessage() XR_CamMgr client 60.1 CMD_GET_GRAPHIC_BUFFER(fish-eye-leftdown, 0, 13)
10-16 22:03:31.435  1606  1609 I XR: [CAMERA] CameraMgr.cpp:396 handleMessage() XR_CamMgr CMD_GET_GRAPHIC_BUFFER(fish-eye-leftdown, 0, 13) OK: w=640 h=480
10-16 22:03:31.435  1606  1609 D XR: [SOCKET] ConnectionServer.cpp:256 sendResponse() XR_ConServer GraphicBuffer Information: width=640 height=480
10-16 22:03:31.435  1606  1610 D XR: [SOCKET] ConnectionServer.cpp:295 receiveMessage() XR_ConServer socketfd(60): event(0x1)
10-16 22:03:31.435  1606  1610 I XR: [SOCKET] ConnectionServer.cpp:370 queueSyncMessage() XR_ConServer Server receive client(60.1) command(0x40000505) message
10-16 22:03:31.435  1606  1609 I XR: [SOCKET] MessageSyncHandler.cpp:51 handleMessage() XR_MessageSyncHandler Server handle message(0x40000505) from client(60.1)
10-16 22:03:31.436  1606  1609 I XR: [CAMERA] CameraMgr.cpp:391 handleMessage() XR_CamMgr client 60.1 CMD_GET_GRAPHIC_BUFFER(fish-eye-leftdown, 0, 14)
10-16 22:03:31.436  1606  1609 I XR: [CAMERA] CameraMgr.cpp:396 handleMessage() XR_CamMgr CMD_GET_GRAPHIC_BUFFER(fish-eye-leftdown, 0, 14) OK: w=640 h=480
10-16 22:03:31.436  1606  1609 D XR: [SOCKET] ConnectionServer.cpp:256 sendResponse() XR_ConServer GraphicBuffer Information: width=640 height=480
10-16 22:03:31.436  1606  1610 D XR: [SOCKET] ConnectionServer.cpp:295 receiveMessage() XR_ConServer socketfd(60): event(0x1)
10-16 22:03:31.436  1606  1610 I XR: [SOCKET] ConnectionServer.cpp:370 queueSyncMessage() XR_ConServer Server receive client(60.1) command(0x40000505) message
10-16 22:03:31.436  1606  1609 I XR: [SOCKET] MessageSyncHandler.cpp:51 handleMessage() XR_MessageSyncHandler Server handle message(0x40000505) from client(60.1)
10-16 22:03:31.436  1606  1609 I XR: [CAMERA] CameraMgr.cpp:391 handleMessage() XR_CamMgr client 60.1 CMD_GET_GRAPHIC_BUFFER(fish-eye-leftdown, 0, 15)
10-16 22:03:31.436  1606  1609 I XR: [CAMERA] CameraMgr.cpp:396 handleMessage() XR_CamMgr CMD_GET_GRAPHIC_BUFFER(fish-eye-leftdown, 0, 15) OK: w=640 h=480
10-16 22:03:31.436  1606  1609 D XR: [SOCKET] ConnectionServer.cpp:256 sendResponse() XR_ConServer GraphicBuffer Information: width=640 height=480
10-16 22:03:31.437  1606  1610 D XR: [SOCKET] ConnectionServer.cpp:295 receiveMessage() XR_ConServer socketfd(60): event(0x1)
10-16 22:03:31.437  1606  1610 I XR: [SOCKET] ConnectionServer.cpp:370 queueSyncMessage() XR_ConServer Server receive client(60.1) command(0x40000530) message
10-16 22:03:31.437  1606  1609 I XR: [SOCKET] MessageSyncHandler.cpp:51 handleMessage() XR_MessageSyncHandler Server handle message(0x40000530) from client(60.1)
10-16 22:03:31.437  1606  1609 D XR: [SHARED_MEMORY] SharedMemoryMgr.cpp:289 registerConsumer() XR_ShmMgr registerConsumer: Client 60.1 Shm 224 Consumer 0 registered
10-16 22:03:31.437  1606  1610 D XR: [SOCKET] ConnectionServer.cpp:295 receiveMessage() XR_ConServer socketfd(60): event(0x1)
10-16 22:03:31.437  1606  1610 I XR: [SOCKET] ConnectionServer.cpp:370 queueSyncMessage() XR_ConServer Server receive client(60.1) command(0x40000501) message
10-16 22:03:31.438  1606  1609 I XR: [SOCKET] MessageSyncHandler.cpp:51 handleMessage() XR_MessageSyncHandler Server handle message(0x40000501) from client(60.1)
10-16 22:03:31.438  1606  1609 I XR: [CAMERA] CameraMgr.cpp:335 handleMessage() XR_CamMgr client 60.1 CMD_SET_CAMERA_OPEN(fish-eye-rightdown)
10-16 22:03:31.438  1606  1609 I XR: [CAMERA] CameraDevice.cpp:1089 openCamera() XR_CamDev 2 openCamera: enter
10-16 22:03:31.438  1606  1609 I XR: [CAMERA] CameraDevice.cpp:1108 doOpenCamera() XR_CamDev 2 doOpenCamera
10-16 22:03:31.439  1606  1609 E XR: [CAMERA] DirectHal3Ctrl.cpp:381 initCaptureRequestSettings() XR_DirectHal3Ctrl 2 initCaptureRequestSettings: failed to update vtag exposure_metering_mode
10-16 22:03:31.440  1606  1609 D XR: [CAMERA] DirectHal3Ctrl.cpp:393 initCaptureRequestSettings() XR_DirectHal3Ctrl 2 initCaptureRequestSettings: strobeOff 1 RampTimeNs 0 WidthNs 0 Brightness 0
10-16 22:03:31.440  1606  1609 D XR: [CAMERA] DirectHal3Ctrl.cpp:403 initCaptureRequestSettings() XR_DirectHal3Ctrl 2 initCaptureRequestSettings: strobe ManualFlag 1 CurrentmA 0
10-16 22:03:31.462  1606  1637 D XR: [CAMERA] DirectHal3Ctrl.cpp:624 processCaptureResult() XR_DirectHal3Ctrl 0 received F3 metadata
10-16 22:03:31.462  1606  1637 D XR: [CAMERA] DirectHal3Ctrl.cpp:697 processCaptureResult() XR_DirectHal3Ctrl 0 received F3 buffer of S0
10-16 22:03:31.462  1606  1637 D XR: [CAMERA] CameraDevice.cpp:494 oneFrameCaptured() XR_CamDev 0 AF3: qts(4914671925156) ects(4914669975156) exposure(3900000) gain(113) ts(4900709236046) now(4900717187348) diff(7951302)
10-16 22:03:31.462  1606  1637 D XR: [CAMERA] ExposureAlgorithm.cpp:138 getLuma() XR_ExposureAlgorithm calculate luma: 192
10-16 22:03:31.462  1606  1637 D XR: [CAMERA] CameraDevice.cpp:573 processCaptureResultsMajor() XR_CamDev 0 exposure ALGO: gain(54) exposure(1839000)
10-16 22:03:31.495  1606  1637 D XR: [CAMERA] DirectHal3Ctrl.cpp:624 processCaptureResult() XR_DirectHal3Ctrl 0 received F4 metadata
10-16 22:03:31.495  1606  1637 D XR: [CAMERA] DirectHal3Ctrl.cpp:697 processCaptureResult() XR_DirectHal3Ctrl 0 received F4 buffer of S0
10-16 22:03:31.495  1606  1637 D XR: [CAMERA] CameraDevice.cpp:494 oneFrameCaptured() XR_CamDev 0 BF4: qts(4914705303385) ects(4914705153385) exposure(300000) gain(52) ts(4900742614275) now(4900750432296) diff(7818021)
10-16 22:03:31.500  1606  1609 I XR: [CAMERA] DirectHal3Ctrl.cpp:296 initStreamBuffers() XR_DirectHal3Ctrl 2 Allocate GraphicBuffer with usage 0x20022
10-16 22:03:31.500  1606  1609 I XR: [CAMERA] DirectHal3Ctrl.cpp:296 initStreamBuffers() XR_DirectHal3Ctrl 2 Allocate GraphicBuffer with usage 0x20022
10-16 22:03:31.500  1606  1609 I XR: [CAMERA] DirectHal3Ctrl.cpp:296 initStreamBuffers() XR_DirectHal3Ctrl 2 Allocate GraphicBuffer with usage 0x20022
10-16 22:03:31.501  1606  1609 I XR: [CAMERA] DirectHal3Ctrl.cpp:296 initStreamBuffers() XR_DirectHal3Ctrl 2 Allocate GraphicBuffer with usage 0x20022
10-16 22:03:31.501  1606  1609 I XR: [CAMERA] DirectHal3Ctrl.cpp:296 initStreamBuffers() XR_DirectHal3Ctrl 2 Allocate GraphicBuffer with usage 0x20022
10-16 22:03:31.501  1606  1609 I XR: [CAMERA] DirectHal3Ctrl.cpp:296 initStreamBuffers() XR_DirectHal3Ctrl 2 Allocate GraphicBuffer with usage 0x20022
10-16 22:03:31.501  1606  1609 I XR: [CAMERA] DirectHal3Ctrl.cpp:296 initStreamBuffers() XR_DirectHal3Ctrl 2 Allocate GraphicBuffer with usage 0x20022
10-16 22:03:31.501  1606  1609 I XR: [CAMERA] DirectHal3Ctrl.cpp:296 initStreamBuffers() XR_DirectHal3Ctrl 2 Allocate GraphicBuffer with usage 0x20022
10-16 22:03:31.501  1606  1609 I XR: [CAMERA] DirectHal3Ctrl.cpp:296 initStreamBuffers() XR_DirectHal3Ctrl 2 Allocate GraphicBuffer with usage 0x20022
10-16 22:03:31.502  1606  1609 I XR: [CAMERA] DirectHal3Ctrl.cpp:296 initStreamBuffers() XR_DirectHal3Ctrl 2 Allocate GraphicBuffer with usage 0x20022
10-16 22:03:31.502  1606  1609 I XR: [CAMERA] DirectHal3Ctrl.cpp:296 initStreamBuffers() XR_DirectHal3Ctrl 2 Allocate GraphicBuffer with usage 0x20022
10-16 22:03:31.502  1606  1609 I XR: [CAMERA] DirectHal3Ctrl.cpp:296 initStreamBuffers() XR_DirectHal3Ctrl 2 Allocate GraphicBuffer with usage 0x20022
10-16 22:03:31.502  1606  1609 I XR: [CAMERA] DirectHal3Ctrl.cpp:296 initStreamBuffers() XR_DirectHal3Ctrl 2 Allocate GraphicBuffer with usage 0x20022
10-16 22:03:31.502  1606  1609 I XR: [CAMERA] DirectHal3Ctrl.cpp:296 initStreamBuffers() XR_DirectHal3Ctrl 2 Allocate GraphicBuffer with usage 0x20022
10-16 22:03:31.502  1606  1609 I XR: [CAMERA] DirectHal3Ctrl.cpp:296 initStreamBuffers() XR_DirectHal3Ctrl 2 Allocate GraphicBuffer with usage 0x20022
10-16 22:03:31.503  1606  1609 I XR: [CAMERA] DirectHal3Ctrl.cpp:296 initStreamBuffers() XR_DirectHal3Ctrl 2 Allocate GraphicBuffer with usage 0x20022
10-16 22:03:31.503  1606  1609 D XR: [CAMERA] CameraDevice.cpp:1242 doOpenCamera() XR_CamDev 2 doOpenCamera: start capture request thread, inflight requests 6
10-16 22:03:31.503  1606  1609 I XR: [DEVICE_MANAGEMENT] DeviceManagement.cpp:243 incDeviceRefCount() XR_DM incDeviceRefCount: "fish-eye-rightdown" refCount(1)
10-16 22:03:31.503  1606  1609 I XR: [CAMERA] CameraDevice.cpp:1096 openCamera() XR_CamDev 2 openCamera: exit
10-16 22:03:31.503  1606  1609 I XR: [CAMERA] CameraMgr.cpp:339 handleMessage() XR_CamMgr CMD_SET_CAMERA_OPEN(fish-eye-rightdown) OK
10-16 22:03:31.503  1606  1822 D XR: [CAMERA] CameraDevice.cpp:289 sendCaptureRequests() XR_CamDev 2 F1 update frameDuration(33333333)
10-16 22:03:31.503  1606  1610 D XR: [SOCKET] ConnectionServer.cpp:295 receiveMessage() XR_ConServer socketfd(60): event(0x1)
10-16 22:03:31.503  1606  1610 I XR: [SOCKET] ConnectionServer.cpp:370 queueSyncMessage() XR_ConServer Server receive client(60.1) command(0x40000506) message
10-16 22:03:31.503  1606  1609 I XR: [SOCKET] MessageSyncHandler.cpp:51 handleMessage() XR_MessageSyncHandler Server handle message(0x40000506) from client(60.1)
10-16 22:03:31.503  1606  1610 D XR: [SOCKET] ConnectionServer.cpp:295 receiveMessage() XR_ConServer socketfd(60): event(0x1)
10-16 22:03:31.504  1606  1610 I XR: [SOCKET] ConnectionServer.cpp:370 queueSyncMessage() XR_ConServer Server receive client(60.1) command(0x40000508) message
10-16 22:03:31.504  1606  1609 I XR: [SOCKET] MessageSyncHandler.cpp:51 handleMessage() XR_MessageSyncHandler Server handle message(0x40000508) from client(60.1)
10-16 22:03:31.504  1606  1609 I XR: [SHARED_MEMORY] FutexMgr.cpp:260 handleMessage() XR_FutexMgr handleMessage: Message 0x40000508
10-16 22:03:31.504  1606  1610 D XR: [SOCKET] ConnectionServer.cpp:295 receiveMessage() XR_ConServer socketfd(60): event(0x1)
10-16 22:03:31.504  1606  1610 I XR: [SOCKET] ConnectionServer.cpp:370 queueSyncMessage() XR_ConServer Server receive client(60.1) command(0x40000505) message
10-16 22:03:31.504  1606  1609 I XR: [SOCKET] MessageSyncHandler.cpp:51 handleMessage() XR_MessageSyncHandler Server handle message(0x40000505) from client(60.1)
10-16 22:03:31.504  1606  1609 I XR: [CAMERA] CameraMgr.cpp:391 handleMessage() XR_CamMgr client 60.1 CMD_GET_GRAPHIC_BUFFER(fish-eye-rightdown, 0, 0)
10-16 22:03:31.504  1606  1609 I XR: [CAMERA] CameraMgr.cpp:396 handleMessage() XR_CamMgr CMD_GET_GRAPHIC_BUFFER(fish-eye-rightdown, 0, 0) OK: w=640 h=480
10-16 22:03:31.504  1606  1609 D XR: [SOCKET] ConnectionServer.cpp:256 sendResponse() XR_ConServer GraphicBuffer Information: width=640 height=480
10-16 22:03:31.505  1606  1610 D XR: [SOCKET] ConnectionServer.cpp:295 receiveMessage() XR_ConServer socketfd(60): event(0x1)
10-16 22:03:31.505  1606  1610 I XR: [SOCKET] ConnectionServer.cpp:370 queueSyncMessage() XR_ConServer Server receive client(60.1) command(0x40000505) message
10-16 22:03:31.505  1606  1609 I XR: [SOCKET] MessageSyncHandler.cpp:51 handleMessage() XR_MessageSyncHandler Server handle message(0x40000505) from client(60.1)
10-16 22:03:31.505  1606  1609 I XR: [CAMERA] CameraMgr.cpp:391 handleMessage() XR_CamMgr client 60.1 CMD_GET_GRAPHIC_BUFFER(fish-eye-rightdown, 0, 1)
10-16 22:03:31.505  1606  1609 I XR: [CAMERA] CameraMgr.cpp:396 handleMessage() XR_CamMgr CMD_GET_GRAPHIC_BUFFER(fish-eye-rightdown, 0, 1) OK: w=640 h=480
10-16 22:03:31.505  1606  1609 D XR: [SOCKET] ConnectionServer.cpp:256 sendResponse() XR_ConServer GraphicBuffer Information: width=640 height=480
10-16 22:03:31.505  1606  1610 D XR: [SOCKET] ConnectionServer.cpp:295 receiveMessage() XR_ConServer socketfd(60): event(0x1)
10-16 22:03:31.505  1606  1610 I XR: [SOCKET] ConnectionServer.cpp:370 queueSyncMessage() XR_ConServer Server receive client(60.1) command(0x40000505) message
10-16 22:03:31.505  1606  1609 I XR: [SOCKET] MessageSyncHandler.cpp:51 handleMessage() XR_MessageSyncHandler Server handle message(0x40000505) from client(60.1)
10-16 22:03:31.506  1606  1609 I XR: [CAMERA] CameraMgr.cpp:391 handleMessage() XR_CamMgr client 60.1 CMD_GET_GRAPHIC_BUFFER(fish-eye-rightdown, 0, 2)
10-16 22:03:31.506  1606  1609 I XR: [CAMERA] CameraMgr.cpp:396 handleMessage() XR_CamMgr CMD_GET_GRAPHIC_BUFFER(fish-eye-rightdown, 0, 2) OK: w=640 h=480
10-16 22:03:31.506  1606  1609 D XR: [SOCKET] ConnectionServer.cpp:256 sendResponse() XR_ConServer GraphicBuffer Information: width=640 height=480
10-16 22:03:31.506  1606  1610 D XR: [SOCKET] ConnectionServer.cpp:295 receiveMessage() XR_ConServer socketfd(60): event(0x1)
10-16 22:03:31.506  1606  1610 I XR: [SOCKET] ConnectionServer.cpp:370 queueSyncMessage() XR_ConServer Server receive client(60.1) command(0x40000505) message
10-16 22:03:31.506  1606  1609 I XR: [SOCKET] MessageSyncHandler.cpp:51 handleMessage() XR_MessageSyncHandler Server handle message(0x40000505) from client(60.1)
10-16 22:03:31.506  1606  1609 I XR: [CAMERA] CameraMgr.cpp:391 handleMessage() XR_CamMgr client 60.1 CMD_GET_GRAPHIC_BUFFER(fish-eye-rightdown, 0, 3)
10-16 22:03:31.506  1606  1609 I XR: [CAMERA] CameraMgr.cpp:396 handleMessage() XR_CamMgr CMD_GET_GRAPHIC_BUFFER(fish-eye-rightdown, 0, 3) OK: w=640 h=480
10-16 22:03:31.506  1606  1609 D XR: [SOCKET] ConnectionServer.cpp:256 sendResponse() XR_ConServer GraphicBuffer Information: width=640 height=480
10-16 22:03:31.506  1606  1610 D XR: [SOCKET] ConnectionServer.cpp:295 receiveMessage() XR_ConServer socketfd(60): event(0x1)
10-16 22:03:31.506  1606  1610 I XR: [SOCKET] ConnectionServer.cpp:370 queueSyncMessage() XR_ConServer Server receive client(60.1) command(0x40000505) message
10-16 22:03:31.506  1606  1609 I XR: [SOCKET] MessageSyncHandler.cpp:51 handleMessage() XR_MessageSyncHandler Server handle message(0x40000505) from client(60.1)
10-16 22:03:31.506  1606  1609 I XR: [CAMERA] CameraMgr.cpp:391 handleMessage() XR_CamMgr client 60.1 CMD_GET_GRAPHIC_BUFFER(fish-eye-rightdown, 0, 4)
10-16 22:03:31.506  1606  1609 I XR: [CAMERA] CameraMgr.cpp:396 handleMessage() XR_CamMgr CMD_GET_GRAPHIC_BUFFER(fish-eye-rightdown, 0, 4) OK: w=640 h=480
10-16 22:03:31.506  1606  1609 D XR: [SOCKET] ConnectionServer.cpp:256 sendResponse() XR_ConServer GraphicBuffer Information: width=640 height=480
10-16 22:03:31.507  1606  1610 D XR: [SOCKET] ConnectionServer.cpp:295 receiveMessage() XR_ConServer socketfd(60): event(0x1)
10-16 22:03:31.507  1606  1610 I XR: [SOCKET] ConnectionServer.cpp:370 queueSyncMessage() XR_ConServer Server receive client(60.1) command(0x40000505) message
10-16 22:03:31.507  1606  1609 I XR: [SOCKET] MessageSyncHandler.cpp:51 handleMessage() XR_MessageSyncHandler Server handle message(0x40000505) from client(60.1)
10-16 22:03:31.507  1606  1609 I XR: [CAMERA] CameraMgr.cpp:391 handleMessage() XR_CamMgr client 60.1 CMD_GET_GRAPHIC_BUFFER(fish-eye-rightdown, 0, 5)
10-16 22:03:31.507  1606  1609 I XR: [CAMERA] CameraMgr.cpp:396 handleMessage() XR_CamMgr CMD_GET_GRAPHIC_BUFFER(fish-eye-rightdown, 0, 5) OK: w=640 h=480
10-16 22:03:31.507  1606  1609 D XR: [SOCKET] ConnectionServer.cpp:256 sendResponse() XR_ConServer GraphicBuffer Information: width=640 height=480
10-16 22:03:31.507  1606  1610 D XR: [SOCKET] ConnectionServer.cpp:295 receiveMessage() XR_ConServer socketfd(60): event(0x1)
10-16 22:03:31.507  1606  1610 I XR: [SOCKET] ConnectionServer.cpp:370 queueSyncMessage() XR_ConServer Server receive client(60.1) command(0x40000505) message
10-16 22:03:31.508  1606  1609 I XR: [SOCKET] MessageSyncHandler.cpp:51 handleMessage() XR_MessageSyncHandler Server handle message(0x40000505) from client(60.1)
10-16 22:03:31.508  1606  1609 I XR: [CAMERA] CameraMgr.cpp:391 handleMessage() XR_CamMgr client 60.1 CMD_GET_GRAPHIC_BUFFER(fish-eye-rightdown, 0, 6)
10-16 22:03:31.508  1606  1609 I XR: [CAMERA] CameraMgr.cpp:396 handleMessage() XR_CamMgr CMD_GET_GRAPHIC_BUFFER(fish-eye-rightdown, 0, 6) OK: w=640 h=480
10-16 22:03:31.508  1606  1609 D XR: [SOCKET] ConnectionServer.cpp:256 sendResponse() XR_ConServer GraphicBuffer Information: width=640 height=480
10-16 22:03:31.508  1606  1610 D XR: [SOCKET] ConnectionServer.cpp:295 receiveMessage() XR_ConServer socketfd(60): event(0x1)
10-16 22:03:31.508  1606  1610 I XR: [SOCKET] ConnectionServer.cpp:370 queueSyncMessage() XR_ConServer Server receive client(60.1) command(0x40000505) message
10-16 22:03:31.508  1606  1609 I XR: [SOCKET] MessageSyncHandler.cpp:51 handleMessage() XR_MessageSyncHandler Server handle message(0x40000505) from client(60.1)
10-16 22:03:31.508  1606  1609 I XR: [CAMERA] CameraMgr.cpp:391 handleMessage() XR_CamMgr client 60.1 CMD_GET_GRAPHIC_BUFFER(fish-eye-rightdown, 0, 7)
10-16 22:03:31.508  1606  1609 I XR: [CAMERA] CameraMgr.cpp:396 handleMessage() XR_CamMgr CMD_GET_GRAPHIC_BUFFER(fish-eye-rightdown, 0, 7) OK: w=640 h=480
10-16 22:03:31.508  1606  1609 D XR: [SOCKET] ConnectionServer.cpp:256 sendResponse() XR_ConServer GraphicBuffer Information: width=640 height=480
10-16 22:03:31.509  1606  1610 D XR: [SOCKET] ConnectionServer.cpp:295 receiveMessage() XR_ConServer socketfd(60): event(0x1)
10-16 22:03:31.509  1606  1610 I XR: [SOCKET] ConnectionServer.cpp:370 queueSyncMessage() XR_ConServer Server receive client(60.1) command(0x40000505) message
10-16 22:03:31.509  1606  1609 I XR: [SOCKET] MessageSyncHandler.cpp:51 handleMessage() XR_MessageSyncHandler Server handle message(0x40000505) from client(60.1)
10-16 22:03:31.509  1606  1609 I XR: [CAMERA] CameraMgr.cpp:391 handleMessage() XR_CamMgr client 60.1 CMD_GET_GRAPHIC_BUFFER(fish-eye-rightdown, 0, 8)
10-16 22:03:31.509  1606  1609 I XR: [CAMERA] CameraMgr.cpp:396 handleMessage() XR_CamMgr CMD_GET_GRAPHIC_BUFFER(fish-eye-rightdown, 0, 8) OK: w=640 h=480
10-16 22:03:31.509  1606  1609 D XR: [SOCKET] ConnectionServer.cpp:256 sendResponse() XR_ConServer GraphicBuffer Information: width=640 height=480
10-16 22:03:31.509  1606  1610 D XR: [SOCKET] ConnectionServer.cpp:295 receiveMessage() XR_ConServer socketfd(60): event(0x1)
10-16 22:03:31.509  1606  1610 I XR: [SOCKET] ConnectionServer.cpp:370 queueSyncMessage() XR_ConServer Server receive client(60.1) command(0x40000505) message
10-16 22:03:31.509  1606  1609 I XR: [SOCKET] MessageSyncHandler.cpp:51 handleMessage() XR_MessageSyncHandler Server handle message(0x40000505) from client(60.1)
10-16 22:03:31.509  1606  1609 I XR: [CAMERA] CameraMgr.cpp:391 handleMessage() XR_CamMgr client 60.1 CMD_GET_GRAPHIC_BUFFER(fish-eye-rightdown, 0, 9)
10-16 22:03:31.509  1606  1609 I XR: [CAMERA] CameraMgr.cpp:396 handleMessage() XR_CamMgr CMD_GET_GRAPHIC_BUFFER(fish-eye-rightdown, 0, 9) OK: w=640 h=480
10-16 22:03:31.509  1606  1609 D XR: [SOCKET] ConnectionServer.cpp:256 sendResponse() XR_ConServer GraphicBuffer Information: width=640 height=480
10-16 22:03:31.510  1606  1610 D XR: [SOCKET] ConnectionServer.cpp:295 receiveMessage() XR_ConServer socketfd(60): event(0x1)
10-16 22:03:31.510  1606  1610 I XR: [SOCKET] ConnectionServer.cpp:370 queueSyncMessage() XR_ConServer Server receive client(60.1) command(0x40000505) message
10-16 22:03:31.510  1606  1609 I XR: [SOCKET] MessageSyncHandler.cpp:51 handleMessage() XR_MessageSyncHandler Server handle message(0x40000505) from client(60.1)
10-16 22:03:31.510  1606  1609 I XR: [CAMERA] CameraMgr.cpp:391 handleMessage() XR_CamMgr client 60.1 CMD_GET_GRAPHIC_BUFFER(fish-eye-rightdown, 0, 10)
10-16 22:03:31.510  1606  1609 I XR: [CAMERA] CameraMgr.cpp:396 handleMessage() XR_CamMgr CMD_GET_GRAPHIC_BUFFER(fish-eye-rightdown, 0, 10) OK: w=640 h=480
10-16 22:03:31.510  1606  1609 D XR: [SOCKET] ConnectionServer.cpp:256 sendResponse() XR_ConServer GraphicBuffer Information: width=640 height=480
10-16 22:03:31.510  1606  1610 D XR: [SOCKET] ConnectionServer.cpp:295 receiveMessage() XR_ConServer socketfd(60): event(0x1)
10-16 22:03:31.510  1606  1610 I XR: [SOCKET] ConnectionServer.cpp:370 queueSyncMessage() XR_ConServer Server receive client(60.1) command(0x40000505) message
10-16 22:03:31.510  1606  1609 I XR: [SOCKET] MessageSyncHandler.cpp:51 handleMessage() XR_MessageSyncHandler Server handle message(0x40000505) from client(60.1)
10-16 22:03:31.510  1606  1609 I XR: [CAMERA] CameraMgr.cpp:391 handleMessage() XR_CamMgr client 60.1 CMD_GET_GRAPHIC_BUFFER(fish-eye-rightdown, 0, 11)
10-16 22:03:31.510  1606  1609 I XR: [CAMERA] CameraMgr.cpp:396 handleMessage() XR_CamMgr CMD_GET_GRAPHIC_BUFFER(fish-eye-rightdown, 0, 11) OK: w=640 h=480
10-16 22:03:31.510  1606  1609 D XR: [SOCKET] ConnectionServer.cpp:256 sendResponse() XR_ConServer GraphicBuffer Information: width=640 height=480
10-16 22:03:31.511  1606  1610 D XR: [SOCKET] ConnectionServer.cpp:295 receiveMessage() XR_ConServer socketfd(60): event(0x1)
10-16 22:03:31.511  1606  1610 I XR: [SOCKET] ConnectionServer.cpp:370 queueSyncMessage() XR_ConServer Server receive client(60.1) command(0x40000505) message
10-16 22:03:31.511  1606  1609 I XR: [SOCKET] MessageSyncHandler.cpp:51 handleMessage() XR_MessageSyncHandler Server handle message(0x40000505) from client(60.1)
10-16 22:03:31.511  1606  1609 I XR: [CAMERA] CameraMgr.cpp:391 handleMessage() XR_CamMgr client 60.1 CMD_GET_GRAPHIC_BUFFER(fish-eye-rightdown, 0, 12)
10-16 22:03:31.511  1606  1609 I XR: [CAMERA] CameraMgr.cpp:396 handleMessage() XR_CamMgr CMD_GET_GRAPHIC_BUFFER(fish-eye-rightdown, 0, 12) OK: w=640 h=480
10-16 22:03:31.511  1606  1609 D XR: [SOCKET] ConnectionServer.cpp:256 sendResponse() XR_ConServer GraphicBuffer Information: width=640 height=480
10-16 22:03:31.513  1606  1610 D XR: [SOCKET] ConnectionServer.cpp:295 receiveMessage() XR_ConServer socketfd(60): event(0x1)
10-16 22:03:31.513  1606  1610 I XR: [SOCKET] ConnectionServer.cpp:370 queueSyncMessage() XR_ConServer Server receive client(60.1) command(0x40000505) message
10-16 22:03:31.513  1606  1609 I XR: [SOCKET] MessageSyncHandler.cpp:51 handleMessage() XR_MessageSyncHandler Server handle message(0x40000505) from client(60.1)
10-16 22:03:31.513  1606  1609 I XR: [CAMERA] CameraMgr.cpp:391 handleMessage() XR_CamMgr client 60.1 CMD_GET_GRAPHIC_BUFFER(fish-eye-rightdown, 0, 13)
10-16 22:03:31.513  1606  1609 I XR: [CAMERA] CameraMgr.cpp:396 handleMessage() XR_CamMgr CMD_GET_GRAPHIC_BUFFER(fish-eye-rightdown, 0, 13) OK: w=640 h=480
10-16 22:03:31.513  1606  1609 D XR: [SOCKET] ConnectionServer.cpp:256 sendResponse() XR_ConServer GraphicBuffer Information: width=640 height=480
10-16 22:03:31.514  1606  1610 D XR: [SOCKET] ConnectionServer.cpp:295 receiveMessage() XR_ConServer socketfd(60): event(0x1)
10-16 22:03:31.514  1606  1610 I XR: [SOCKET] ConnectionServer.cpp:370 queueSyncMessage() XR_ConServer Server receive client(60.1) command(0x40000505) message
10-16 22:03:31.514  1606  1637 D XR: [CAMERA] DirectHal3Ctrl.cpp:624 processCaptureResult() XR_DirectHal3Ctrl 1 received F1 metadata
10-16 22:03:31.514  1606  1609 I XR: [SOCKET] MessageSyncHandler.cpp:51 handleMessage() XR_MessageSyncHandler Server handle message(0x40000505) from client(60.1)
10-16 22:03:31.514  1606  1609 I XR: [CAMERA] CameraMgr.cpp:391 handleMessage() XR_CamMgr client 60.1 CMD_GET_GRAPHIC_BUFFER(fish-eye-rightdown, 0, 14)
10-16 22:03:31.514  1606  1637 D XR: [CAMERA] DirectHal3Ctrl.cpp:697 processCaptureResult() XR_DirectHal3Ctrl 1 received F1 buffer of S0
10-16 22:03:31.514  1606  1609 I XR: [CAMERA] CameraMgr.cpp:396 handleMessage() XR_CamMgr CMD_GET_GRAPHIC_BUFFER(fish-eye-rightdown, 0, 14) OK: w=640 h=480
10-16 22:03:31.514  1606  1609 D XR: [SOCKET] ConnectionServer.cpp:256 sendResponse() XR_ConServer GraphicBuffer Information: width=640 height=480
10-16 22:03:31.514  1606  1637 D XR: [CAMERA] CameraDevice.cpp:494 oneFrameCaptured() XR_CamDev 1 AF1: qts(4914719946614) ects(4914717977457) exposure(3900000) gain(113) ts(4900757257504) now(4900768713650) diff(11456146)
10-16 22:03:31.514  1606  1610 D XR: [SOCKET] ConnectionServer.cpp:295 receiveMessage() XR_ConServer socketfd(60): event(0x1)
10-16 22:03:31.514  1606  1610 I XR: [SOCKET] ConnectionServer.cpp:370 queueSyncMessage() XR_ConServer Server receive client(60.1) command(0x40000505) message
10-16 22:03:31.514  1606  1609 I XR: [SOCKET] MessageSyncHandler.cpp:51 handleMessage() XR_MessageSyncHandler Server handle message(0x40000505) from client(60.1)
10-16 22:03:31.514  1606  1609 I XR: [CAMERA] CameraMgr.cpp:391 handleMessage() XR_CamMgr client 60.1 CMD_GET_GRAPHIC_BUFFER(fish-eye-rightdown, 0, 15)
10-16 22:03:31.514  1606  1609 I XR: [CAMERA] CameraMgr.cpp:396 handleMessage() XR_CamMgr CMD_GET_GRAPHIC_BUFFER(fish-eye-rightdown, 0, 15) OK: w=640 h=480
10-16 22:03:31.514  1606  1609 D XR: [SOCKET] ConnectionServer.cpp:256 sendResponse() XR_ConServer GraphicBuffer Information: width=640 height=480
10-16 22:03:31.515  1606  1610 D XR: [SOCKET] ConnectionServer.cpp:295 receiveMessage() XR_ConServer socketfd(60): event(0x1)
10-16 22:03:31.515  1606  1610 I XR: [SOCKET] ConnectionServer.cpp:370 queueSyncMessage() XR_ConServer Server receive client(60.1) command(0x40000530) message
10-16 22:03:31.515  1606  1609 I XR: [SOCKET] MessageSyncHandler.cpp:51 handleMessage() XR_MessageSyncHandler Server handle message(0x40000530) from client(60.1)
10-16 22:03:31.515  1606  1609 D XR: [SHARED_MEMORY] SharedMemoryMgr.cpp:289 registerConsumer() XR_ShmMgr registerConsumer: Client 60.1 Shm 227 Consumer 0 registered
10-16 22:03:31.515  1606  1610 D XR: [SOCKET] ConnectionServer.cpp:295 receiveMessage() XR_ConServer socketfd(60): event(0x1)
10-16 22:03:31.515  1606  1610 I XR: [SOCKET] ConnectionServer.cpp:370 queueSyncMessage() XR_ConServer Server receive client(60.1) command(0x40000501) message
10-16 22:03:31.515  1606  1609 I XR: [SOCKET] MessageSyncHandler.cpp:51 handleMessage() XR_MessageSyncHandler Server handle message(0x40000501) from client(60.1)
10-16 22:03:31.515  1606  1609 I XR: [CAMERA] CameraMgr.cpp:335 handleMessage() XR_CamMgr client 60.1 CMD_SET_CAMERA_OPEN(rgb-left)
10-16 22:03:31.515  1606  1609 I XR: [CAMERA] CameraDevice.cpp:1089 openCamera() XR_CamDev 4 openCamera: enter
